// Jest Snapshot v1, https://goo.gl/fbAQLP

exports[`RuntimeCompiler adding two literals 1`] = `3`;

exports[`RuntimeCompiler adding two placeholders 1`] = `20`;

exports[`RuntimeCompiler inverting a placeholder 1`] = `0.1`;

exports[`RuntimeCompiler modulo doesn't cast rhs to Animated 1`] = `2`;

exports[`RuntimeCompiler multiplying a placeholder and a literal 1`] = `30`;

exports[`RuntimeCompiler multiplying literal and a placeholder 1`] = `30`;
